Script started on Mon Oct 19 17:46:40 2020
[1m[7m%[27m[1m[0m                                                                      ]7;file://MBP-Nikon.Dlink/Users/Nikon/Desktop/CMC%20MSU/MC/5%20sem/R/tz6/1[0m[27m[24m[JNikon@MBP-Nikon 1 % [K[?2004hexitR --no-save <task2-3.r .r .r .r 1.r [?2004l

R version 4.0.2 (2020-06-22) -- "Taking Off Again"
Copyright (C) 2020 The R Foundation for Statistical Computing
Platform: x86_64-apple-darwin17.0 (64-bit)

R -- это свободное ПО, и оно поставляется безо всяких гарантий.
Вы вольны распространять его при соблюдении некоторых условий.
Введите 'license()' для получения более подробной информации.

R -- это проект, в котором сотрудничает множество разработчиков.
Введите 'contributors()' для получения дополнительной информации и
'citation()' для ознакомления с правилами упоминания R и его пакетов
в публикациях.

Введите 'demo()' для запуска демонстрационных программ, 'help()' -- для
получения справки, 'help.start()' -- для доступа к справке через браузер.
Введите 'q()', чтобы выйти из R.

> #Ознакомиться с процедурой бутстреп (bootstrap) процедурой
> 
> library(boot)
> library(sm)
xcrun: error: invalid active developer path (/Library/Developer/CommandLineTools), missing xcrun at: /Library/Developer/CommandLineTools/usr/bin/xcrun
Package 'sm', version 2.2-5.6: type help(sm) for summary information

Присоединяю пакет: ‘sm’

Следующий объект скрыт от ‘package:boot’:

    dogs

Предупреждение:
В system2("/usr/bin/otool", c("-L", shQuote(DSO)), stdout = TRUE) :
  работающая команда ''/usr/bin/otool' -L '/Library/Frameworks/R.framework/Resources/library/tcltk/libs//tcltk.so'' имеет статус 1
> library(dplyr)

Присоединяю пакет: ‘dplyr’

Следующие объекты скрыты от ‘package:stats’:

    filter, lag

Следующие объекты скрыты от ‘package:base’:

    intersect, setdiff, setequal, union

> 
> #
> #
> #
> #main
> head <- read.csv("/Users/Nikon/Desktop/CMC MSU/MC/5 sem/Data/AAPL.csv",
+                 header = TRUE)
> num <- read.table("/Users/Nikon/Desktop/CMC MSU/MC/5 sem/Data/table.txt")
> head <- cbind(head, num)
> data <- head[-c(2,3,4,6)]
> data$Date <- as.POSIXct(data$Date)
> data <- mutate_each(data, "factor", Date, Close)
Предупреждения:
1: `funs_()` is deprecated as of dplyr 0.7.0.
Please use `funs()` instead.
See vignette('programming') for more help
[90mThis warning is displayed once every 8 hours.[39m
[90mCall `lifecycle::last_warnings()` to see where this warning was generated.[39m 
2: `funs()` is deprecated as of dplyr 0.8.0.
Please use a list of either functions or lambdas: 

  # Simple named list: 
  list(mean = mean, median = median)

  # Auto named with `tibble::lst()`: 
  tibble::lst(mean, median)

  # Using lambdas
  list(~ mean(., trim = .2), ~ median(., na.rm = TRUE))
[90mThis warning is displayed once every 8 hours.[39m
[90mCall `lifecycle::last_warnings()` to see where this warning was generated.[39m 
3: `mutate_each_()` is deprecated as of dplyr 0.7.0.
Please use `across()` instead.
[90mThis warning is displayed once every 8 hours.[39m
[90mCall `lifecycle::last_warnings()` to see where this warning was generated.[39m 
> glimpse(data)
Rows: 1,510
Columns: 4
$ Date   [3m[38;5;246m<fct>[39m[23m 2014-09-15, 2014-09-16, 2014-09-17, 2014-09-18, 2014-09-19, 20…
$ Close  [3m[38;5;246m<fct>[39m[23m 25.407499, 25.215, 25.395, 25.4475, 25.24, 25.264999, 25.66, 2…
$ Volume [3m[38;5;246m<int>[39m[23m 245266000, 267632400, 243706000, 149197600, 283609600, 2111536…
$ V1     [3m[38;5;246m<int>[39m[23m 1, 2, 3, 4, 5, 6, 7, 8, 9, 10, 11, 12, 13, 14, 15, 16, 17, 18,…
> rsq <- function(formula, data, indices)
+ {
+ 	d <- data[indices,]
+ 	fit <- lm(formula, data = d)
+ 	return(summary(fit)$r.square)
+ }
> bootobject <- boot(data = data, statistic=rsq,
+ R = 1000, formula = Volume~Date+Close)
^C
^D

x
x=5
^D^D^C
Выполнение остановлено
[1m[7m%[27m[1m[0m                                                                      ]7;file://MBP-Nikon.Dlink/Users/Nikon/Desktop/CMC%20MSU/MC/5%20sem/R/tz6/1[0m[27m[24m[JNikon@MBP-Nikon 1 % [K[?2004heexit[?2004l

Script done on Tue Oct 6 17:47:19 2020
