Script started on Wed Nov 18 15:26:20 2020
[1m[7m%[27m[1m[0m                                                                      ]7;file://MBP-Nikon.Dlink/Users/Nikon/Desktop/CMC%20MSU/MC/5%20sem/R/tz10/1[0m[27m[24m[JNikon@MBP-Nikon 1 % [K[?2004h[7mR --no-save <task1.r [27m[21D[27mR[27m [27m-[27m-[27mn[27mo[27m-[27ms[27ma[27mv[27me[27m [27m<[27mt[27ma[27ms[27mk[27m1[27m.[27mr[27m [?2004l

R version 4.0.3 (2020-10-10) -- "Bunny-Wunnies Freak Out"
Copyright (C) 2020 The R Foundation for Statistical Computing
Platform: x86_64-apple-darwin17.0 (64-bit)

R -- это свободное ПО, и оно поставляется безо всяких гарантий.
Вы вольны распространять его при соблюдении некоторых условий.
Введите 'license()' для получения более подробной информации.

R -- это проект, в котором сотрудничает множество разработчиков.
Введите 'contributors()' для получения дополнительной информации и
'citation()' для ознакомления с правилами упоминания R и его пакетов
в публикациях.

Введите 'demo()' для запуска демонстрационных программ, 'help()' -- для
получения справки, 'help.start()' -- для доступа к справке через браузер.
Введите 'q()', чтобы выйти из R.

> #2. Проверить наличие мультиколлинеарности в собственных данных. Изучить фактор инфляции дисперсии VIF.
> 
> library("dplyr")

Присоединяю пакет: ‘dplyr’

Следующие объекты скрыты от ‘package:stats’:

    filter, lag

Следующие объекты скрыты от ‘package:base’:

    intersect, setdiff, setequal, union

> library("ggplot2")
> library("car")
Загрузка требуемого пакета: carData

Присоединяю пакет: ‘car’

Следующий объект скрыт от ‘package:dplyr’:

    recode

> 
> head <- read.csv("/Users/Nikon/Desktop/CMC MSU/MC/5 sem/Data/AAPL.csv",
+                 header = TRUE)
> num <- random <- sample(1:2, nrow(head), replace=TRUE)
> num2 <- random <- sample(1:2, nrow(head), replace=TRUE)
> head <- cbind(head, num)
> head <- cbind(head, num2)
> data <- head[-c(2,3,4,6)]
> data <- mutate_each(data, "factor", Date)
Предупреждения:
1: `funs_()` is deprecated as of dplyr 0.7.0.
Please use `funs()` instead.
See vignette('programming') for more help
[90mThis warning is displayed once every 8 hours.[39m
[90mCall `lifecycle::last_warnings()` to see where this warning was generated.[39m 
2: `funs()` is deprecated as of dplyr 0.8.0.
Please use a list of either functions or lambdas: 

  # Simple named list: 
  list(mean = mean, median = median)

  # Auto named with `tibble::lst()`: 
  tibble::lst(mean, median)

  # Using lambdas
  list(~ mean(., trim = .2), ~ median(., na.rm = TRUE))
[90mThis warning is displayed once every 8 hours.[39m
[90mCall `lifecycle::last_warnings()` to see where this warning was generated.[39m 
3: `mutate_each_()` is deprecated as of dplyr 0.7.0.
Please use `across()` instead.
[90mThis warning is displayed once every 8 hours.[39m
[90mCall `lifecycle::last_warnings()` to see where this warning was generated.[39m 
> 
> ggplot(data = data, aes(x = Date, y = Close)) + geom_point()
> poly <- lm(Volume ~ Close + I(Close^2) + I(Close^3), data)
> summary(poly)

Call:
lm(formula = Volume ~ Close + I(Close^2) + I(Close^3), data = data)

Residuals:
       Min         1Q     Median         3Q        Max 
-129102670  -44700887  -14815297   28134861  463542440 

Coefficients:
              Estimate Std. Error t value Pr(>|t|)    
(Intercept)  3.904e+08  2.324e+07  16.800  < 2e-16 ***
Close       -1.129e+07  1.295e+06  -8.720  < 2e-16 ***
I(Close^2)   1.427e+05  2.142e+04   6.664 3.72e-11 ***
I(Close^3)  -5.154e+02  1.054e+02  -4.890 1.12e-06 ***
---
Signif. codes:  0 ‘***’ 0.001 ‘**’ 0.01 ‘*’ 0.05 ‘.’ 0.1 ‘ ’ 1

Residual standard error: 67410000 on 1506 degrees of freedom
Multiple R-squared:  0.1336,	Adjusted R-squared:  0.1319 
F-statistic: 77.41 on 3 and 1506 DF,  p-value: < 2.2e-16

> vif(poly)
     Close I(Close^2) I(Close^3) 
  207.9222   875.6382   265.2496 
> 
[1m[7m%[27m[1m[0m                                                                      ]7;file://MBP-Nikon.Dlink/Users/Nikon/Desktop/CMC%20MSU/MC/5%20sem/R/tz10/1[0m[27m[24m[JNikon@MBP-Nikon 1 % [K[?2004heexit[?2004l

Script done on Wed Nov 18 15:26:25 2020
